time="2026-08-11T13:18:42+05:30" level=warning msg="D:\\SearchAThon\\docker-compose.yml: the attribute `version` is obsolete, it will be ignored, please remove it to avoid potential confusion"
 Image searchathon-frontend Building 
 Image searchathon-backend Building 
#1 [internal] load local bake definitions
#1 reading from stdin 974B done
#1 DONE 0.0s

#2 [internal] load build definition from Dockerfile
#2 transferring dockerfile: 312B 0.0s done
#2 DONE 0.0s

#3 [internal] load metadata for docker.io/library/nginx:alpine
#3 ...

#4 [internal] load metadata for docker.io/library/node:20-alpine
#4 DONE 1.6s

#3 [internal] load metadata for docker.io/library/nginx:alpine
#3 DONE 1.6s

#5 [internal] load .dockerignore
#5 transferring context: 108B done
#5 DONE 0.0s

#6 [runner 1/2] FROM docker.io/library/nginx:alpine@sha256:4a73073bd557c65b759505da037898b61f1be6cbcc3c2c3aeac22d2a470c1752
#6 resolve docker.io/library/nginx:alpine@sha256:4a73073bd557c65b759505da037898b61f1be6cbcc3c2c3aeac22d2a470c1752 0.0s done
#6 CACHED

#7 [builder 1/6] FROM docker.io/library/node:20-alpine@sha256:fb4cd12c85ee03686f6af5362a0b0d56d50c58a04632e6c0fb8363f609372293
#7 resolve docker.io/library/node:20-alpine@sha256:fb4cd12c85ee03686f6af5362a0b0d56d50c58a04632e6c0fb8363f609372293 0.0s done
#7 DONE 0.0s

#8 [builder 2/6] WORKDIR /app
#8 CACHED

#9 [internal] load build context
#9 transferring context: 7.89kB done
#9 DONE 0.0s

#10 [builder 3/6] COPY package*.json ./
#10 DONE 0.0s

#11 [builder 4/6] RUN npm ci
#11 12.43 
#11 12.43 added 283 packages, and audited 284 packages in 12s
#11 12.43 
#11 12.43 60 packages are looking for funding
#11 12.43   run `npm fund` for details
#11 12.47 
#11 12.47 16 vulnerabilities (1 low, 2 moderate, 13 high)
#11 12.47 
#11 12.47 To address all issues, run:
#11 12.47   npm audit fix
#11 12.47 
#11 12.47 Run `npm audit` for details.
#11 12.47 npm notice
#11 12.47 npm notice New major version of npm available! 10.8.2 -> 12.0.2
#11 12.47 npm notice Changelog: https://github.com/npm/cli/releases/tag/v12.0.2
#11 12.47 npm notice To update run: npm install -g npm@12.0.2
#11 12.47 npm notice
#11 DONE 12.6s

#12 [builder 5/6] COPY . .
#12 DONE 0.1s

#13 [builder 6/6] RUN npm run build
#13 0.282 
#13 0.282 > frontend@0.0.0 build
#13 0.282 > tsc -b && vite build
#13 0.282 
#13 3.198 vite v7.3.1 building client environment for production...
#13 3.247 transforming...
#13 7.694 ✓ 2308 modules transformed.
#13 7.961 rendering chunks...
#13 8.111 computing gzip size...
#13 8.140 dist/index.html                           0.46 kB │ gzip:   0.29 kB
#13 8.140 dist/assets/index-Ioj2P7nn.css           59.63 kB │ gzip:  10.58 kB
#13 8.140 dist/assets/ProtectedRoute-B_MzjTM9.js    0.21 kB │ gzip:   0.19 kB
#13 8.140 dist/assets/users-B9IwW_5x.js             0.31 kB │ gzip:   0.23 kB
#13 8.140 dist/assets/Verify-D61MW_ge.js            0.56 kB │ gzip:   0.40 kB
#13 8.140 dist/assets/input-BX8hZvYi.js             0.80 kB │ gzip:   0.44 kB
#13 8.140 dist/assets/NotFound-Dbw3UpP7.js          0.92 kB │ gzip:   0.52 kB
#13 8.140 dist/assets/label-BjFtOh4y.js             0.97 kB │ gzip:   0.59 kB
#13 8.140 dist/assets/MyTeams-2VvekXMo.js           1.25 kB │ gzip:   0.65 kB
#13 8.140 dist/assets/Profileform-dAYwtbOJ.js       2.84 kB │ gzip:   1.17 kB
#13 8.140 dist/assets/EditTeam-DkVzKNTK.js          3.11 kB │ gzip:   1.21 kB
#13 8.140 dist/assets/AddTeam-CpLqJRlm.js           3.18 kB │ gzip:   1.28 kB
#13 8.140 dist/assets/TeamCard-BZd9lUst.js          3.27 kB │ gzip:   1.18 kB
#13 8.140 dist/assets/SignUp-D7X6qp4w.js            4.11 kB │ gzip:   1.57 kB
#13 8.140 dist/assets/field-DT68lsGi.js             4.42 kB │ gzip:   1.56 kB
#13 8.140 dist/assets/Login-COKQ5-vW.js             4.51 kB │ gzip:   2.02 kB
#13 8.140 dist/assets/TeamDetails-Djea4xfA.js       6.56 kB │ gzip:   2.26 kB
#13 8.141 dist/assets/Profile-B37OVT5o.js           6.95 kB │ gzip:   2.72 kB
#13 8.141 dist/assets/index.esm-BRGBsKvE.js        23.50 kB │ gzip:   8.84 kB
#13 8.141 dist/assets/Teams-CRs0-Ldl.js            43.46 kB │ gzip:  13.80 kB
#13 8.141 dist/assets/index-CYChKO2J.js           527.56 kB │ gzip: 172.87 kB
#13 8.141 
#13 8.141 (!) Some chunks are larger than 500 kB after minification. Consider:
#13 8.141 - Using dynamic import() to code-split the application
#13 8.141 - Use build.rollupOptions.output.manualChunks to improve chunking: https://rollupjs.org/configuration-options/#output-manualchunks
#13 8.141 - Adjust chunk size limit for this warning via build.chunkSizeWarningLimit.
#13 8.141 ✓ built in 4.92s
#13 DONE 8.2s

#14 [runner 2/2] COPY --from=builder /app/dist /usr/share/nginx/html
#14 DONE 0.0s

#15 exporting to image
#15 exporting layers 0.1s done
#15 exporting manifest sha256:57dae45f71298847fa3ac5f4bae273dbc82861a53b6b5c072164609b62526d81 0.0s done
#15 exporting config sha256:53d16603f6f359ec51b53417af2273c9ff50a49c7713875f1a323b78efcbf16c done
#15 exporting attestation manifest sha256:2c0b96621fef53a3a8efd31aab57102d5e76587b17445159486c069c2981ebaf 0.0s done
#15 exporting manifest list sha256:9d5c3c8405a83f2da194e25750a42642d4fab0b2a852c4a6f5bc7f0b38a1301c 0.0s done
#15 naming to docker.io/library/searchathon-frontend:latest done
#15 unpacking to docker.io/library/searchathon-frontend:latest 0.0s done
#15 DONE 0.2s

#16 resolving provenance for metadata file
#16 DONE 0.0s
 Image searchathon-frontend Built 
